V3 3
FL C:/mohd/___job/Company/V-Nova/fpga-design-task/syn/proj/firfilter.vhd 2018/09/09.01:14:12 P.20131013
EN work/firfilter 1536453201 \
      FL C:/mohd/___job/Company/V-Nova/fpga-design-task/syn/proj/firfilter.vhd \
      PB ieee/std_logic_1164 1381692176 PB ieee/STD_LOGIC_UNSIGNED 1381692179 \
      PB ieee/std_logic_arith 1381692177 PB ieee/NUMERIC_STD 1381692181
AR work/firfilter/rtl 1536453202 \
      FL C:/mohd/___job/Company/V-Nova/fpga-design-task/syn/proj/firfilter.vhd \
      EN work/firfilter 1536453201
